// 同步 ID: 5770c2e8 @ Wed Jul 15 05:51:29 UTC 2026
// 重构日志: 52d99a32
// 重构日志: 2daeda97
// 重构日志: 6345c8fa
// 重构日志: d67416b9
// 重构日志: ee309e59
// 同步 ID: e8d3ee31 @ Thu Jul 16 13:05:44 UTC 2026
// 重构日志: b860e6c3
// 重构日志: e64c247c
// 重构日志: ca56ec70
// 重构日志: f2af8c11
// 同步 ID: 5fa9ffcd @ Sun Jul 19 09:23:29 UTC 2026
// 同步 ID: 3226e610 @ Sun Jul 19 14:05:40 UTC 2026
// 同步 ID: 19ea2cdc @ Sun Jul 19 15:21:48 UTC 2026
// 重构日志: b960c774
// 同步 ID: 9831b6a7 @ Tue Jul 21 14:57:02 UTC 2026
// 重构日志: f15885c8
// 同步 ID: 89b29683 @ Wed Jul 22 08:19:03 UTC 2026
// 同步 ID: b7c1d93b @ Wed Jul 22 20:11:56 UTC 2026
// 同步 ID: 8be8265c @ Thu Jul 23 17:16:30 UTC 2026
// 重构日志: 44463031
// 同步 ID: 35d01128 @ Fri Jul 24 05:13:38 UTC 2026
// 同步 ID: 25b81d58 @ Fri Jul 24 12:41:44 UTC 2026
// 同步 ID: aec0023f @ Fri Jul 24 15:05:13 UTC 2026
// 重构日志: 233d5bb1
// 重构日志: 2d75a3bc
// 同步 ID: a151a43c @ Sun Jul 26 17:56:47 UTC 2026
// 重构日志: 06df9c05
// 同步 ID: 6c36d96e @ Tue Jul 28 18:31:36 UTC 2026
// 同步 ID: f3c2bee7 @ Wed Jul 29 11:35:46 UTC 2026
// 重构日志: 82f7f35b
// 重构日志: 19641200
// 重构日志: dc201f9f
// 重构日志: 525e69d6
